
Memory Configuration

Name             Origin             Length             Attributes
*default*        0x00000000         0xffffffff

Linker script and memory map

LOAD crt0_gnu.o
LOAD at91sam9261ek.o
LOAD main.o
LOAD gpio.o
LOAD pmc.o
LOAD debug.o
LOAD sdramc.o
LOAD dataflash.o
LOAD _udivsi3.o
LOAD _umodsi3.o
LOAD div0.o
LOAD udiv.o
LOAD string.o
                0x00000000                . = ALIGN (0x4)

.text           0x00300000      0xeb4
                0x00300000                _stext = .
 *(.text)
 .text          0x00300000      0x130 crt0_gnu.o
                0x00300000                reset
 .text          0x00300130      0x118 at91sam9261ek.o
                0x00300130                df_hw_init
                0x00300170                hw_init
                0x00300150                sdramc_hw_init
 .text          0x00300248       0x30 main.o
                0x00300248                main
 .text          0x00300278      0x230 gpio.o
                0x00300458                pio_set_value
                0x00300280                pio_get_value
                0x003002bc                pio_setup
 .text          0x003004a8       0xd4 pmc.o
                0x003004a8                pmc_cfg_plla
                0x00300514                pmc_cfg_mck
                0x00300548                pmc_cfg_pllb
                0x003004dc                pmc_cfg_pck
 .text          0x0030057c        0x0 debug.o
 .text          0x0030057c      0x134 sdramc.o
                0x0030057c                sdram_init
 .text          0x003006b0      0x390 dataflash.o
                0x00300860                load_df
                0x003006b0                df_send_command
 .text          0x00300a40       0x98 _udivsi3.o
                0x00300a40                __udivsi3
                0x00300a40                __aeabi_uidiv
 .text          0x00300ad8       0xcc _umodsi3.o
                0x00300ad8                __umodsi3
                0x00300b8c                __aeabi_uidivmod
 .text          0x00300ba4        0x4 div0.o
                0x00300ba4                __div0
 .text          0x00300ba8       0x54 udiv.o
                0x00300ba8                udiv
 .text          0x00300bfc       0xa0 string.o
                0x00300c7c                memcpy
                0x00300c18                bcopy
                0x00300bfc                memset
 *(.rodata)
 .rodata        0x00300c9c      0x1b8 at91sam9261ek.o
 *(.rodata*)
 .rodata.str1.4
                0x00300e54       0x60 at91sam9261ek.o
                0x00300eb4                . = ALIGN (0x4)
                0x00300eb4                _etext = .

.glue_7         0x00300eb4        0x0
 .glue_7        0x00300eb4        0x0 crt0_gnu.o
 .glue_7        0x00300eb4        0x0 at91sam9261ek.o
 .glue_7        0x00300eb4        0x0 main.o
 .glue_7        0x00300eb4        0x0 gpio.o
 .glue_7        0x00300eb4        0x0 pmc.o
 .glue_7        0x00300eb4        0x0 debug.o
 .glue_7        0x00300eb4        0x0 sdramc.o
 .glue_7        0x00300eb4        0x0 dataflash.o
 .glue_7        0x00300eb4        0x0 _udivsi3.o
 .glue_7        0x00300eb4        0x0 _umodsi3.o
 .glue_7        0x00300eb4        0x0 div0.o
 .glue_7        0x00300eb4        0x0 udiv.o
 .glue_7        0x00300eb4        0x0 string.o

.glue_7t        0x00300eb4        0x0
 .glue_7t       0x00300eb4        0x0 crt0_gnu.o
 .glue_7t       0x00300eb4        0x0 at91sam9261ek.o
 .glue_7t       0x00300eb4        0x0 main.o
 .glue_7t       0x00300eb4        0x0 gpio.o
 .glue_7t       0x00300eb4        0x0 pmc.o
 .glue_7t       0x00300eb4        0x0 debug.o
 .glue_7t       0x00300eb4        0x0 sdramc.o
 .glue_7t       0x00300eb4        0x0 dataflash.o
 .glue_7t       0x00300eb4        0x0 _udivsi3.o
 .glue_7t       0x00300eb4        0x0 _umodsi3.o
 .glue_7t       0x00300eb4        0x0 div0.o
 .glue_7t       0x00300eb4        0x0 udiv.o
 .glue_7t       0x00300eb4        0x0 string.o

.vfp11_veneer   0x00300eb4        0x0
 .vfp11_veneer  0x00300eb4        0x0 crt0_gnu.o
 .vfp11_veneer  0x00300eb4        0x0 at91sam9261ek.o
 .vfp11_veneer  0x00300eb4        0x0 main.o
 .vfp11_veneer  0x00300eb4        0x0 gpio.o
 .vfp11_veneer  0x00300eb4        0x0 pmc.o
 .vfp11_veneer  0x00300eb4        0x0 debug.o
 .vfp11_veneer  0x00300eb4        0x0 sdramc.o
 .vfp11_veneer  0x00300eb4        0x0 dataflash.o
 .vfp11_veneer  0x00300eb4        0x0 _udivsi3.o
 .vfp11_veneer  0x00300eb4        0x0 _umodsi3.o
 .vfp11_veneer  0x00300eb4        0x0 div0.o
 .vfp11_veneer  0x00300eb4        0x0 udiv.o
 .vfp11_veneer  0x00300eb4        0x0 string.o

.data           0x00300eb4        0x0 load address 0x00300eb4
                0x00300eb4                _sdata = .
 *(.vectors)
 *(.data)
 .data          0x00300eb4        0x0 crt0_gnu.o
 .data          0x00300eb4        0x0 at91sam9261ek.o
 .data          0x00300eb4        0x0 main.o
 .data          0x00300eb4        0x0 gpio.o
 .data          0x00300eb4        0x0 pmc.o
 .data          0x00300eb4        0x0 debug.o
 .data          0x00300eb4        0x0 sdramc.o
 .data          0x00300eb4        0x0 dataflash.o
 .data          0x00300eb4        0x0 _udivsi3.o
 .data          0x00300eb4        0x0 _umodsi3.o
 .data          0x00300eb4        0x0 div0.o
 .data          0x00300eb4        0x0 udiv.o
 .data          0x00300eb4        0x0 string.o
                0x00300eb4                _edata = .

.bss            0x00300eb4        0x0
                0x00300eb4                . = ALIGN (0x4)
                0x00300eb4                _sbss = .
 *(.bss)
 .bss           0x00300eb4        0x0 crt0_gnu.o
 .bss           0x00300eb4        0x0 at91sam9261ek.o
 .bss           0x00300eb4        0x0 main.o
 .bss           0x00300eb4        0x0 gpio.o
 .bss           0x00300eb4        0x0 pmc.o
 .bss           0x00300eb4        0x0 debug.o
 .bss           0x00300eb4        0x0 sdramc.o
 .bss           0x00300eb4        0x0 dataflash.o
 .bss           0x00300eb4        0x0 _udivsi3.o
 .bss           0x00300eb4        0x0 _umodsi3.o
 .bss           0x00300eb4        0x0 div0.o
 .bss           0x00300eb4        0x0 udiv.o
 .bss           0x00300eb4        0x0 string.o
                0x00300eb4                _ebss = .
                0x00300eb4                end = .
Address of section .text set to 0x300000
OUTPUT(dataflash_at91sam9261ek.elf elf32-littlearm)
                0x00300eb4                . = ALIGN (0x1)
                0x00300eb4                __start_start = .

start           0x00000000        0x0
 start          0x00000000        0x0 crt0_gnu.o
                0x00000000                __stop_start = .

.ARM.attributes
                0x00000000       0x10
 .ARM.attributes
                0x00000000       0x1a crt0_gnu.o
 .ARM.attributes
                0x0000001a       0x2a at91sam9261ek.o
 .ARM.attributes
                0x00000044       0x2a main.o
 .ARM.attributes
                0x0000006e       0x2a gpio.o
 .ARM.attributes
                0x00000098       0x2a pmc.o
 .ARM.attributes
                0x000000c2       0x28 debug.o
 .ARM.attributes
                0x000000ea       0x2a sdramc.o
 .ARM.attributes
                0x00000114       0x2a dataflash.o
 .ARM.attributes
                0x0000013e       0x1a _udivsi3.o
 .ARM.attributes
                0x00000158       0x1a _umodsi3.o
 .ARM.attributes
                0x00000172       0x2a div0.o
 .ARM.attributes
                0x0000019c       0x2a udiv.o
 .ARM.attributes
                0x000001c6       0x2a string.o

.debug_line     0x00000000      0x800
 .debug_line    0x00000000       0x84 crt0_gnu.o
 .debug_line    0x00000084       0xd9 at91sam9261ek.o
 .debug_line    0x0000015d       0x49 main.o
 .debug_line    0x000001a6      0x125 gpio.o
 .debug_line    0x000002cb       0x82 pmc.o
 .debug_line    0x0000034d       0x1d debug.o
 .debug_line    0x0000036a       0xc7 sdramc.o
 .debug_line    0x00000431      0x1a3 dataflash.o
 .debug_line    0x000005d4       0x6c _udivsi3.o
 .debug_line    0x00000640       0x79 _umodsi3.o
 .debug_line    0x000006b9       0x43 div0.o
 .debug_line    0x000006fc       0xb2 udiv.o
 .debug_line    0x000007ae       0x52 string.o

.debug_info     0x00000000     0x1ad5
 .debug_info    0x00000000       0x7d crt0_gnu.o
 .debug_info    0x0000007d      0x1fb at91sam9261ek.o
 .debug_info    0x00000278       0x5e main.o
 .debug_info    0x000002d6      0x7f0 gpio.o
 .debug_info    0x00000ac6      0x23a pmc.o
 .debug_info    0x00000d00        0x0 debug.o
 .debug_info    0x00000d00      0x232 sdramc.o
 .debug_info    0x00000f32      0x7f5 dataflash.o
 .debug_info    0x00001727       0x81 _udivsi3.o
 .debug_info    0x000017a8       0x81 _umodsi3.o
 .debug_info    0x00001829       0x39 div0.o
 .debug_info    0x00001862      0x12a udiv.o
 .debug_info    0x0000198c      0x149 string.o

.debug_abbrev   0x00000000      0x9b0
 .debug_abbrev  0x00000000       0x14 crt0_gnu.o
 .debug_abbrev  0x00000014      0x12a at91sam9261ek.o
 .debug_abbrev  0x0000013e       0x4a main.o
 .debug_abbrev  0x00000188      0x1ce gpio.o
 .debug_abbrev  0x00000356      0x105 pmc.o
 .debug_abbrev  0x0000045b        0x1 debug.o
 .debug_abbrev  0x0000045c       0xcc sdramc.o
 .debug_abbrev  0x00000528      0x28c dataflash.o
 .debug_abbrev  0x000007b4       0x14 _udivsi3.o
 .debug_abbrev  0x000007c8       0x14 _umodsi3.o
 .debug_abbrev  0x000007dc       0x29 div0.o
 .debug_abbrev  0x00000805       0xcb udiv.o
 .debug_abbrev  0x000008d0       0xe0 string.o

.debug_aranges  0x00000000      0x180
 .debug_aranges
                0x00000000       0x20 crt0_gnu.o
 .debug_aranges
                0x00000020       0x20 at91sam9261ek.o
 .debug_aranges
                0x00000040       0x20 main.o
 .debug_aranges
                0x00000060       0x20 gpio.o
 .debug_aranges
                0x00000080       0x20 pmc.o
 .debug_aranges
                0x000000a0       0x20 sdramc.o
 .debug_aranges
                0x000000c0       0x20 dataflash.o
 .debug_aranges
                0x000000e0       0x20 _udivsi3.o
 .debug_aranges
                0x00000100       0x20 _umodsi3.o
 .debug_aranges
                0x00000120       0x20 div0.o
 .debug_aranges
                0x00000140       0x20 udiv.o
 .debug_aranges
                0x00000160       0x20 string.o

.debug_frame    0x00000000      0x288
 .debug_frame   0x00000000       0x5c at91sam9261ek.o
 .debug_frame   0x0000005c       0x28 main.o
 .debug_frame   0x00000084       0x74 gpio.o
 .debug_frame   0x000000f8       0x50 pmc.o
 .debug_frame   0x00000148       0x30 sdramc.o
 .debug_frame   0x00000178       0x80 dataflash.o
 .debug_frame   0x000001f8       0x20 div0.o
 .debug_frame   0x00000218       0x28 udiv.o
 .debug_frame   0x00000240       0x48 string.o

.debug_loc      0x00000000      0x9bc
 .debug_loc     0x00000000       0x94 at91sam9261ek.o
 .debug_loc     0x00000094       0x1f main.o
 .debug_loc     0x000000b3      0x394 gpio.o
 .debug_loc     0x00000447       0x93 pmc.o
 .debug_loc     0x000004da       0x98 sdramc.o
 .debug_loc     0x00000572      0x309 dataflash.o
 .debug_loc     0x0000087b       0x63 udiv.o
 .debug_loc     0x000008de       0xde string.o

.debug_pubnames
                0x00000000      0x1b0
 .debug_pubnames
                0x00000000       0x40 at91sam9261ek.o
 .debug_pubnames
                0x00000040       0x1b main.o
 .debug_pubnames
                0x0000005b       0x44 gpio.o
 .debug_pubnames
                0x0000009f       0x54 pmc.o
 .debug_pubnames
                0x000000f3       0x21 sdramc.o
 .debug_pubnames
                0x00000114       0x32 dataflash.o
 .debug_pubnames
                0x00000146       0x1d div0.o
 .debug_pubnames
                0x00000163       0x1b udiv.o
 .debug_pubnames
                0x0000017e       0x32 string.o

.debug_str      0x00000000      0x5d4
 .debug_str     0x00000000      0x14b at91sam9261ek.o
                                0x175 (size before relaxing)
 .debug_str     0x0000014b       0x15 main.o
                                 0x9a (size before relaxing)
 .debug_str     0x00000160       0xf2 gpio.o
                                0x1f4 (size before relaxing)
 .debug_str     0x00000252       0x92 pmc.o
                                0x11f (size before relaxing)
 .debug_str     0x000002e4       0x4f sdramc.o
                                 0xdc (size before relaxing)
 .debug_str     0x00000333      0x20c dataflash.o
                                0x30a (size before relaxing)
 .debug_str     0x0000053f       0x1b div0.o
                                 0x80 (size before relaxing)
 .debug_str     0x0000055a       0x3d udiv.o
                                0x13d (size before relaxing)
 .debug_str     0x00000597       0x3d string.o
                                 0xcc (size before relaxing)

.comment        0x00000000      0x302
 .comment       0x00000000       0x4d at91sam9261ek.o
 .comment       0x0000004d       0x4d main.o
 .comment       0x0000009a       0x4d gpio.o
 .comment       0x000000e7       0x4d pmc.o
 .comment       0x00000134       0x4d debug.o
 .comment       0x00000181       0x4d sdramc.o
 .comment       0x000001ce       0x4d dataflash.o
 .comment       0x0000021b       0x4d div0.o
 .comment       0x00000268       0x4d udiv.o
 .comment       0x000002b5       0x4d string.o

.note.GNU-stack
                0x00000000        0x0
 .note.GNU-stack
                0x00000000        0x0 at91sam9261ek.o
 .note.GNU-stack
                0x00000000        0x0 main.o
 .note.GNU-stack
                0x00000000        0x0 gpio.o
 .note.GNU-stack
                0x00000000        0x0 pmc.o
 .note.GNU-stack
                0x00000000        0x0 debug.o
 .note.GNU-stack
                0x00000000        0x0 sdramc.o
 .note.GNU-stack
                0x00000000        0x0 dataflash.o
 .note.GNU-stack
                0x00000000        0x0 div0.o
 .note.GNU-stack
                0x00000000        0x0 udiv.o
 .note.GNU-stack
                0x00000000        0x0 string.o

.debug_ranges   0x00000000      0x3d0
 .debug_ranges  0x00000000       0xa8 gpio.o
 .debug_ranges  0x000000a8       0xc0 pmc.o
 .debug_ranges  0x00000168       0x80 sdramc.o
 .debug_ranges  0x000001e8      0x1e8 dataflash.o

Cross Reference Table

Symbol                                            File
__aeabi_uidiv                                     _udivsi3.o
                                                  _umodsi3.o
__aeabi_uidivmod                                  _umodsi3.o
__div0                                            div0.o
                                                  _umodsi3.o
                                                  _udivsi3.o
__udivsi3                                         _udivsi3.o
__umodsi3                                         _umodsi3.o
_ebss                                             crt0_gnu.o
_edata                                            crt0_gnu.o
_etext                                            crt0_gnu.o
_sbss                                             crt0_gnu.o
_sdata                                            crt0_gnu.o
bcopy                                             string.o
df_hw_init                                        at91sam9261ek.o
                                                  dataflash.o
df_send_command                                   dataflash.o
hw_init                                           at91sam9261ek.o
                                                  main.o
load_df                                           dataflash.o
                                                  main.o
main                                              main.o
                                                  crt0_gnu.o
memcpy                                            string.o
memset                                            string.o
                                                  at91sam9261ek.o
pio_get_value                                     gpio.o
pio_set_value                                     gpio.o
pio_setup                                         gpio.o
                                                  at91sam9261ek.o
pmc_cfg_mck                                       pmc.o
                                                  at91sam9261ek.o
pmc_cfg_pck                                       pmc.o
pmc_cfg_plla                                      pmc.o
                                                  at91sam9261ek.o
pmc_cfg_pllb                                      pmc.o
                                                  at91sam9261ek.o
reset                                             crt0_gnu.o
sdram_init                                        sdramc.o
                                                  at91sam9261ek.o
sdramc_hw_init                                    at91sam9261ek.o
                                                  sdramc.o
udiv                                              udiv.o
                                                  dataflash.o
