
Memory Configuration

Name             Origin             Length             Attributes
*default*        0x00000000         0xffffffff

Linker script and memory map

LOAD crt0_gnu.o
LOAD at91sam9g20ek.o
LOAD main.o
LOAD gpio.o
LOAD pmc.o
LOAD debug.o
LOAD sdramc.o
LOAD nandflash.o
LOAD _udivsi3.o
LOAD _umodsi3.o
LOAD div0.o
LOAD udiv.o
LOAD string.o
                0x00000000                . = ALIGN (0x4)

.text           0x00200000      0xe98
                0x00200000                _stext = .
 *(.text)
 .text          0x00200000      0x140 crt0_gnu.o
                0x00200000                reset
 .text          0x00200140      0x18c at91sam9g20ek.o
                0x00200158                nandflash_cfg_16bits_dbw_init
                0x0020016c                nandflash_cfg_8bits_dbw_init
                0x00200208                hw_init
                0x00200180                nandflash_hw_init
                0x00200140                sdramc_hw_init
 .text          0x002002cc       0x28 main.o
                0x002002cc                main
 .text          0x002002f4      0x224 gpio.o
                0x00200334                pio_set_value
                0x002002fc                pio_get_value
                0x0020037c                pio_setup
 .text          0x00200518       0xd8 pmc.o
                0x00200518                pmc_cfg_plla
                0x00200588                pmc_cfg_mck
                0x002005bc                pmc_cfg_pllb
                0x0020054c                pmc_cfg_pck
 .text          0x002005f0      0x128 sdramc.o
                0x002005f0                sdram_init
 .text          0x00200718      0x4c4 nandflash.o
                0x00200920                CheckBlock
                0x00200984                AT91F_NandRead
                0x00200718                AT91F_NandEraseBlock0
                0x002009cc                load_nandflash
 .text          0x00200bdc       0x98 _udivsi3.o
                0x00200bdc                __udivsi3
                0x00200bdc                __aeabi_uidiv
 .text          0x00200c74       0xcc _umodsi3.o
                0x00200c74                __umodsi3
                0x00200d28                __aeabi_uidivmod
 .text          0x00200d40        0x4 div0.o
                0x00200d40                __div0
 .text          0x00200d44       0x50 udiv.o
                0x00200d44                udiv
 .text          0x00200d94       0x8c string.o
                0x00200e04                memcpy
                0x00200db0                bcopy
                0x00200d94                memset
 *(.rodata)
 .rodata        0x00200e20       0x64 at91sam9g20ek.o
 *(.rodata*)
 .rodata.str1.4
                0x00200e84       0x14 at91sam9g20ek.o
                0x00200e98                . = ALIGN (0x4)
                0x00200e98                _etext = .

.glue_7         0x00200e98        0x0

.glue_7t        0x00200e98        0x0

.data           0x00200e98      0x140 load address 0x00200e98
                0x00200e98                _sdata = .
 *(.vectors)
 *(.data)
 .data          0x00200e98      0x140 nandflash.o
                0x00200fd8                _edata = .

.bss            0x00200fd8        0x0
                0x00200fd8                . = ALIGN (0x4)
                0x00200fd8                _sbss = .
 *(.bss)
                0x00200fd8                _ebss = .
                0x00200fd8                end = .
Address of section .text set to 0x200000
OUTPUT(nandflash_at91sam9g20ek.elf elf32-littlearm)
                0x00200fd8                . = ALIGN (0x1)
                0x00200fd8                __start_start = .

start           0x00000000        0x0
                0x00000000                __stop_start = .

.debug_line     0x00000000      0x823
 .debug_line    0x00000000       0x81 crt0_gnu.o
 .debug_line    0x00000081       0xeb at91sam9g20ek.o
 .debug_line    0x0000016c       0x43 main.o
 .debug_line    0x000001af      0x134 gpio.o
 .debug_line    0x000002e3       0x7d pmc.o
 .debug_line    0x00000360       0x1a debug.o
 .debug_line    0x0000037a       0xbf sdramc.o
 .debug_line    0x00000439      0x1a7 nandflash.o
 .debug_line    0x000005e0       0x69 _udivsi3.o
 .debug_line    0x00000649       0x76 _umodsi3.o
 .debug_line    0x000006bf       0x40 div0.o
 .debug_line    0x000006ff       0xd2 udiv.o
 .debug_line    0x000007d1       0x52 string.o

.debug_info     0x00000000     0x1953
 .debug_info    0x00000000       0x85 crt0_gnu.o
 .debug_info    0x00000085      0x23c at91sam9g20ek.o
 .debug_info    0x000002c1       0x62 main.o
 .debug_info    0x00000323      0x805 gpio.o
 .debug_info    0x00000b28      0x234 pmc.o
 .debug_info    0x00000d5c      0x236 sdramc.o
 .debug_info    0x00000f92      0x605 nandflash.o
 .debug_info    0x00001597       0x89 _udivsi3.o
 .debug_info    0x00001620       0x89 _umodsi3.o
 .debug_info    0x000016a9       0x39 div0.o
 .debug_info    0x000016e2      0x12e udiv.o
 .debug_info    0x00001810      0x143 string.o

.debug_abbrev   0x00000000      0x915
 .debug_abbrev  0x00000000       0x14 crt0_gnu.o
 .debug_abbrev  0x00000014      0x17e at91sam9g20ek.o
 .debug_abbrev  0x00000192       0x41 main.o
 .debug_abbrev  0x000001d3      0x1ba gpio.o
 .debug_abbrev  0x0000038d       0xf1 pmc.o
 .debug_abbrev  0x0000047e        0x1 debug.o
 .debug_abbrev  0x0000047f       0xc3 sdramc.o
 .debug_abbrev  0x00000542      0x1e2 nandflash.o
 .debug_abbrev  0x00000724       0x14 _udivsi3.o
 .debug_abbrev  0x00000738       0x14 _umodsi3.o
 .debug_abbrev  0x0000074c       0x29 div0.o
 .debug_abbrev  0x00000775       0xc2 udiv.o
 .debug_abbrev  0x00000837       0xde string.o

.debug_aranges  0x00000000      0x180
 .debug_aranges
                0x00000000       0x20 crt0_gnu.o
 .debug_aranges
                0x00000020       0x20 at91sam9g20ek.o
 .debug_aranges
                0x00000040       0x20 main.o
 .debug_aranges
                0x00000060       0x20 gpio.o
 .debug_aranges
                0x00000080       0x20 pmc.o
 .debug_aranges
                0x000000a0       0x20 sdramc.o
 .debug_aranges
                0x000000c0       0x20 nandflash.o
 .debug_aranges
                0x000000e0       0x20 _udivsi3.o
 .debug_aranges
                0x00000100       0x20 _umodsi3.o
 .debug_aranges
                0x00000120       0x20 div0.o
 .debug_aranges
                0x00000140       0x20 udiv.o
 .debug_aranges
                0x00000160       0x20 string.o

.debug_frame    0x00000000      0x2c8
 .debug_frame   0x00000000       0x74 at91sam9g20ek.o
 .debug_frame   0x00000074       0x28 main.o
 .debug_frame   0x0000009c       0x74 gpio.o
 .debug_frame   0x00000110       0x50 pmc.o
 .debug_frame   0x00000160       0x30 sdramc.o
 .debug_frame   0x00000190       0xa8 nandflash.o
 .debug_frame   0x00000238       0x20 div0.o
 .debug_frame   0x00000258       0x28 udiv.o
 .debug_frame   0x00000280       0x48 string.o

.debug_loc      0x00000000      0xa73
 .debug_loc     0x00000000       0x5d at91sam9g20ek.o
 .debug_loc     0x0000005d       0x1f main.o
 .debug_loc     0x0000007c      0x36c gpio.o
 .debug_loc     0x000003e8       0x5f pmc.o
 .debug_loc     0x00000447       0x85 sdramc.o
 .debug_loc     0x000004cc      0x4b0 nandflash.o
 .debug_loc     0x0000097c       0x63 udiv.o
 .debug_loc     0x000009df       0x94 string.o

.debug_pubnames
                0x00000000      0x229
 .debug_pubnames
                0x00000000       0x8a at91sam9g20ek.o
 .debug_pubnames
                0x0000008a       0x1b main.o
 .debug_pubnames
                0x000000a5       0x44 gpio.o
 .debug_pubnames
                0x000000e9       0x54 pmc.o
 .debug_pubnames
                0x0000013d       0x21 sdramc.o
 .debug_pubnames
                0x0000015e       0x61 nandflash.o
 .debug_pubnames
                0x000001bf       0x1d div0.o
 .debug_pubnames
                0x000001dc       0x1b udiv.o
 .debug_pubnames
                0x000001f7       0x32 string.o

.debug_ranges   0x00000000      0x1f8
 .debug_ranges  0x00000000       0x18 at91sam9g20ek.o
 .debug_ranges  0x00000018       0x78 gpio.o
 .debug_ranges  0x00000090       0xc0 pmc.o
 .debug_ranges  0x00000150       0x50 sdramc.o
 .debug_ranges  0x000001a0       0x40 nandflash.o
 .debug_ranges  0x000001e0       0x18 string.o

.debug_str      0x00000000      0x796
 .debug_str     0x00000000      0x18a at91sam9g20ek.o
                                0x1c6 (size before relaxing)
 .debug_str     0x0000018a       0x15 main.o
                                 0x9c (size before relaxing)
 .debug_str     0x0000019f       0xf9 gpio.o
                                0x1e4 (size before relaxing)
 .debug_str     0x00000298       0x92 pmc.o
                                0x10f (size before relaxing)
 .debug_str     0x0000032a       0x4f sdramc.o
                                 0xcc (size before relaxing)
 .debug_str     0x00000379      0x33b nandflash.o
                                0x3e4 (size before relaxing)
 .debug_str     0x000006b4       0x1b div0.o
                                 0x70 (size before relaxing)
 .debug_str     0x000006cf       0x91 udiv.o
                                0x12d (size before relaxing)
 .debug_str     0x00000760       0x36 string.o
                                 0xbc (size before relaxing)

.comment        0x00000000       0xb4
 .comment       0x00000000       0x12 at91sam9g20ek.o
 .comment       0x00000012       0x12 main.o
 .comment       0x00000024       0x12 gpio.o
 .comment       0x00000036       0x12 pmc.o
 .comment       0x00000048       0x12 debug.o
 .comment       0x0000005a       0x12 sdramc.o
 .comment       0x0000006c       0x12 nandflash.o
 .comment       0x0000007e       0x12 div0.o
 .comment       0x00000090       0x12 udiv.o
 .comment       0x000000a2       0x12 string.o

Cross Reference Table

Symbol                                            File
AT91F_NandEraseBlock0                             nandflash.o
                                                  at91sam9g20ek.o
AT91F_NandRead                                    nandflash.o
CheckBlock                                        nandflash.o
__aeabi_uidiv                                     _udivsi3.o
                                                  _umodsi3.o
__aeabi_uidivmod                                  _umodsi3.o
__div0                                            div0.o
                                                  _umodsi3.o
                                                  _udivsi3.o
__udivsi3                                         _udivsi3.o
                                                  nandflash.o
__umodsi3                                         _umodsi3.o
                                                  nandflash.o
_ebss                                             crt0_gnu.o
_edata                                            crt0_gnu.o
_etext                                            crt0_gnu.o
_sbss                                             crt0_gnu.o
_sdata                                            crt0_gnu.o
bcopy                                             string.o
hw_init                                           at91sam9g20ek.o
                                                  main.o
load_nandflash                                    nandflash.o
                                                  main.o
main                                              main.o
                                                  crt0_gnu.o
memcpy                                            string.o
memset                                            string.o
                                                  at91sam9g20ek.o
nandflash_cfg_16bits_dbw_init                     at91sam9g20ek.o
nandflash_cfg_8bits_dbw_init                      at91sam9g20ek.o
                                                  nandflash.o
nandflash_hw_init                                 at91sam9g20ek.o
                                                  nandflash.o
pio_get_value                                     gpio.o
                                                  at91sam9g20ek.o
pio_set_value                                     gpio.o
pio_setup                                         gpio.o
                                                  at91sam9g20ek.o
pmc_cfg_mck                                       pmc.o
                                                  at91sam9g20ek.o
pmc_cfg_pck                                       pmc.o
pmc_cfg_plla                                      pmc.o
                                                  at91sam9g20ek.o
pmc_cfg_pllb                                      pmc.o
                                                  at91sam9g20ek.o
reset                                             crt0_gnu.o
sdram_init                                        sdramc.o
                                                  at91sam9g20ek.o
sdramc_hw_init                                    at91sam9g20ek.o
                                                  sdramc.o
udiv                                              udiv.o
