
Memory Configuration

Name             Origin             Length             Attributes
*default*        0x00000000         0xffffffff

Linker script and memory map

LOAD crt0_gnu.o
LOAD at91sam9260ek.o
LOAD main.o
LOAD gpio.o
LOAD pmc.o
LOAD debug.o
LOAD sdramc.o
LOAD dataflash.o
LOAD _udivsi3.o
LOAD _umodsi3.o
LOAD div0.o
LOAD udiv.o
LOAD string.o
                0x00000000                . = ALIGN (0x4)

.text           0x00200000      0xd60
                0x00200000                _stext = .
 *(.text)
 .text          0x00200000      0x140 crt0_gnu.o
                0x00200000                reset
 .text          0x00200140      0x138 at91sam9260ek.o
                0x00200158                df_hw_init
                0x002001bc                hw_init
                0x00200140                sdramc_hw_init
                0x00200164                df_recovery
 .text          0x00200278       0x2c main.o
                0x00200278                main
 .text          0x002002a4      0x228 gpio.o
                0x0020047c                pio_set_value
                0x002002ac                pio_get_value
                0x002002e4                pio_setup
 .text          0x002004cc       0xd4 pmc.o
                0x002004cc                pmc_cfg_plla
                0x00200538                pmc_cfg_mck
                0x0020056c                pmc_cfg_pllb
                0x00200500                pmc_cfg_pck
 .text          0x002005a0        0x0 debug.o
 .text          0x002005a0      0x130 sdramc.o
                0x002005a0                sdram_init
 .text          0x002006d0      0x38c dataflash.o
                0x00200878                load_df
                0x002006d0                df_send_command
 .text          0x00200a5c       0x98 _udivsi3.o
                0x00200a5c                __udivsi3
                0x00200a5c                __aeabi_uidiv
 .text          0x00200af4       0xcc _umodsi3.o
                0x00200af4                __umodsi3
                0x00200ba8                __aeabi_uidivmod
 .text          0x00200bc0        0x4 div0.o
                0x00200bc0                __div0
 .text          0x00200bc4       0x50 udiv.o
                0x00200bc4                udiv
 .text          0x00200c14       0x9c string.o
                0x00200c94                memcpy
                0x00200c30                bcopy
                0x00200c14                memset
 *(.rodata)
 .rodata        0x00200cb0       0x8c at91sam9260ek.o
 *(.rodata*)
 .rodata.str1.4
                0x00200d3c       0x24 at91sam9260ek.o
                0x00200d60                . = ALIGN (0x4)
                0x00200d60                _etext = .

.glue_7         0x00200d60        0x0
 .glue_7        0x00200d60        0x0 crt0_gnu.o
 .glue_7        0x00200d60        0x0 at91sam9260ek.o
 .glue_7        0x00200d60        0x0 main.o
 .glue_7        0x00200d60        0x0 gpio.o
 .glue_7        0x00200d60        0x0 pmc.o
 .glue_7        0x00200d60        0x0 debug.o
 .glue_7        0x00200d60        0x0 sdramc.o
 .glue_7        0x00200d60        0x0 dataflash.o
 .glue_7        0x00200d60        0x0 _udivsi3.o
 .glue_7        0x00200d60        0x0 _umodsi3.o
 .glue_7        0x00200d60        0x0 div0.o
 .glue_7        0x00200d60        0x0 udiv.o
 .glue_7        0x00200d60        0x0 string.o

.glue_7t        0x00200d60        0x0
 .glue_7t       0x00200d60        0x0 crt0_gnu.o
 .glue_7t       0x00200d60        0x0 at91sam9260ek.o
 .glue_7t       0x00200d60        0x0 main.o
 .glue_7t       0x00200d60        0x0 gpio.o
 .glue_7t       0x00200d60        0x0 pmc.o
 .glue_7t       0x00200d60        0x0 debug.o
 .glue_7t       0x00200d60        0x0 sdramc.o
 .glue_7t       0x00200d60        0x0 dataflash.o
 .glue_7t       0x00200d60        0x0 _udivsi3.o
 .glue_7t       0x00200d60        0x0 _umodsi3.o
 .glue_7t       0x00200d60        0x0 div0.o
 .glue_7t       0x00200d60        0x0 udiv.o
 .glue_7t       0x00200d60        0x0 string.o

.vfp11_veneer   0x00200d60        0x0
 .vfp11_veneer  0x00200d60        0x0 crt0_gnu.o
 .vfp11_veneer  0x00200d60        0x0 at91sam9260ek.o
 .vfp11_veneer  0x00200d60        0x0 main.o
 .vfp11_veneer  0x00200d60        0x0 gpio.o
 .vfp11_veneer  0x00200d60        0x0 pmc.o
 .vfp11_veneer  0x00200d60        0x0 debug.o
 .vfp11_veneer  0x00200d60        0x0 sdramc.o
 .vfp11_veneer  0x00200d60        0x0 dataflash.o
 .vfp11_veneer  0x00200d60        0x0 _udivsi3.o
 .vfp11_veneer  0x00200d60        0x0 _umodsi3.o
 .vfp11_veneer  0x00200d60        0x0 div0.o
 .vfp11_veneer  0x00200d60        0x0 udiv.o
 .vfp11_veneer  0x00200d60        0x0 string.o

.data           0x00200d60        0x0 load address 0x00200d60
                0x00200d60                _sdata = .
 *(.vectors)
 *(.data)
 .data          0x00200d60        0x0 crt0_gnu.o
 .data          0x00200d60        0x0 at91sam9260ek.o
 .data          0x00200d60        0x0 main.o
 .data          0x00200d60        0x0 gpio.o
 .data          0x00200d60        0x0 pmc.o
 .data          0x00200d60        0x0 debug.o
 .data          0x00200d60        0x0 sdramc.o
 .data          0x00200d60        0x0 dataflash.o
 .data          0x00200d60        0x0 _udivsi3.o
 .data          0x00200d60        0x0 _umodsi3.o
 .data          0x00200d60        0x0 div0.o
 .data          0x00200d60        0x0 udiv.o
 .data          0x00200d60        0x0 string.o
                0x00200d60                _edata = .

.bss            0x00200d60        0x0
                0x00200d60                . = ALIGN (0x4)
                0x00200d60                _sbss = .
 *(.bss)
 .bss           0x00200d60        0x0 crt0_gnu.o
 .bss           0x00200d60        0x0 at91sam9260ek.o
 .bss           0x00200d60        0x0 main.o
 .bss           0x00200d60        0x0 gpio.o
 .bss           0x00200d60        0x0 pmc.o
 .bss           0x00200d60        0x0 debug.o
 .bss           0x00200d60        0x0 sdramc.o
 .bss           0x00200d60        0x0 dataflash.o
 .bss           0x00200d60        0x0 _udivsi3.o
 .bss           0x00200d60        0x0 _umodsi3.o
 .bss           0x00200d60        0x0 div0.o
 .bss           0x00200d60        0x0 udiv.o
 .bss           0x00200d60        0x0 string.o
                0x00200d60                _ebss = .
                0x00200d60                end = .
Address of section .text set to 0x200000
OUTPUT(dataflash_at91sam9260ek.elf elf32-littlearm)
                0x00200d60                . = ALIGN (0x1)
                0x00200d60                __start_start = .

start           0x00000000        0x0
 start          0x00000000        0x0 crt0_gnu.o
                0x00000000                __stop_start = .

.ARM.attributes
                0x00000000       0x10
 .ARM.attributes
                0x00000000       0x20 crt0_gnu.o
 .ARM.attributes
                0x00000020       0x30 at91sam9260ek.o
 .ARM.attributes
                0x00000050       0x30 main.o
 .ARM.attributes
                0x00000080       0x30 gpio.o
 .ARM.attributes
                0x000000b0       0x30 pmc.o
 .ARM.attributes
                0x000000e0       0x2e debug.o
 .ARM.attributes
                0x0000010e       0x30 sdramc.o
 .ARM.attributes
                0x0000013e       0x30 dataflash.o
 .ARM.attributes
                0x0000016e       0x20 _udivsi3.o
 .ARM.attributes
                0x0000018e       0x20 _umodsi3.o
 .ARM.attributes
                0x000001ae       0x30 div0.o
 .ARM.attributes
                0x000001de       0x30 udiv.o
 .ARM.attributes
                0x0000020e       0x30 string.o

.debug_line     0x00000000      0x828
 .debug_line    0x00000000       0x84 crt0_gnu.o
 .debug_line    0x00000084       0xe5 at91sam9260ek.o
 .debug_line    0x00000169       0x44 main.o
 .debug_line    0x000001ad      0x13b gpio.o
 .debug_line    0x000002e8       0x8d pmc.o
 .debug_line    0x00000375       0x1d debug.o
 .debug_line    0x00000392       0xc8 sdramc.o
 .debug_line    0x0000045a      0x1a2 dataflash.o
 .debug_line    0x000005fc       0x6c _udivsi3.o
 .debug_line    0x00000668       0x79 _umodsi3.o
 .debug_line    0x000006e1       0x43 div0.o
 .debug_line    0x00000724       0xb2 udiv.o
 .debug_line    0x000007d6       0x52 string.o

.debug_info     0x00000000     0x1be4
 .debug_info    0x00000000       0x7d crt0_gnu.o
 .debug_info    0x0000007d      0x30a at91sam9260ek.o
 .debug_info    0x00000387       0x5e main.o
 .debug_info    0x000003e5      0x7ec gpio.o
 .debug_info    0x00000bd1      0x236 pmc.o
 .debug_info    0x00000e07        0x0 debug.o
 .debug_info    0x00000e07      0x236 sdramc.o
 .debug_info    0x0000103d      0x7f9 dataflash.o
 .debug_info    0x00001836       0x81 _udivsi3.o
 .debug_info    0x000018b7       0x81 _umodsi3.o
 .debug_info    0x00001938       0x39 div0.o
 .debug_info    0x00001971      0x12a udiv.o
 .debug_info    0x00001a9b      0x149 string.o

.debug_abbrev   0x00000000      0x9f8
 .debug_abbrev  0x00000000       0x14 crt0_gnu.o
 .debug_abbrev  0x00000014      0x18c at91sam9260ek.o
 .debug_abbrev  0x000001a0       0x4a main.o
 .debug_abbrev  0x000001ea      0x1ce gpio.o
 .debug_abbrev  0x000003b8       0xeb pmc.o
 .debug_abbrev  0x000004a3        0x1 debug.o
 .debug_abbrev  0x000004a4       0xcc sdramc.o
 .debug_abbrev  0x00000570      0x28c dataflash.o
 .debug_abbrev  0x000007fc       0x14 _udivsi3.o
 .debug_abbrev  0x00000810       0x14 _umodsi3.o
 .debug_abbrev  0x00000824       0x29 div0.o
 .debug_abbrev  0x0000084d       0xcb udiv.o
 .debug_abbrev  0x00000918       0xe0 string.o

.debug_aranges  0x00000000      0x180
 .debug_aranges
                0x00000000       0x20 crt0_gnu.o
 .debug_aranges
                0x00000020       0x20 at91sam9260ek.o
 .debug_aranges
                0x00000040       0x20 main.o
 .debug_aranges
                0x00000060       0x20 gpio.o
 .debug_aranges
                0x00000080       0x20 pmc.o
 .debug_aranges
                0x000000a0       0x20 sdramc.o
 .debug_aranges
                0x000000c0       0x20 dataflash.o
 .debug_aranges
                0x000000e0       0x20 _udivsi3.o
 .debug_aranges
                0x00000100       0x20 _umodsi3.o
 .debug_aranges
                0x00000120       0x20 div0.o
 .debug_aranges
                0x00000140       0x20 udiv.o
 .debug_aranges
                0x00000160       0x20 string.o

.debug_frame    0x00000000      0x294
 .debug_frame   0x00000000       0x68 at91sam9260ek.o
 .debug_frame   0x00000068       0x28 main.o
 .debug_frame   0x00000090       0x74 gpio.o
 .debug_frame   0x00000104       0x50 pmc.o
 .debug_frame   0x00000154       0x30 sdramc.o
 .debug_frame   0x00000184       0x80 dataflash.o
 .debug_frame   0x00000204       0x20 div0.o
 .debug_frame   0x00000224       0x28 udiv.o
 .debug_frame   0x0000024c       0x48 string.o

.debug_loc      0x00000000      0x983
 .debug_loc     0x00000000       0x87 at91sam9260ek.o
 .debug_loc     0x00000087       0x1f main.o
 .debug_loc     0x000000a6      0x368 gpio.o
 .debug_loc     0x0000040e       0x93 pmc.o
 .debug_loc     0x000004a1       0x98 sdramc.o
 .debug_loc     0x00000539      0x309 dataflash.o
 .debug_loc     0x00000842       0x63 udiv.o
 .debug_loc     0x000008a5       0xde string.o

.debug_pubnames
                0x00000000      0x1c0
 .debug_pubnames
                0x00000000       0x50 at91sam9260ek.o
 .debug_pubnames
                0x00000050       0x1b main.o
 .debug_pubnames
                0x0000006b       0x44 gpio.o
 .debug_pubnames
                0x000000af       0x54 pmc.o
 .debug_pubnames
                0x00000103       0x21 sdramc.o
 .debug_pubnames
                0x00000124       0x32 dataflash.o
 .debug_pubnames
                0x00000156       0x1d div0.o
 .debug_pubnames
                0x00000173       0x1b udiv.o
 .debug_pubnames
                0x0000018e       0x32 string.o

.debug_str      0x00000000      0x5dd
 .debug_str     0x00000000      0x1e0 at91sam9260ek.o
                                0x234 (size before relaxing)
 .debug_str     0x000001e0       0x15 main.o
                                 0x9a (size before relaxing)
 .debug_str     0x000001f5       0xf2 gpio.o
                                0x1f4 (size before relaxing)
 .debug_str     0x000002e7       0x92 pmc.o
                                0x11f (size before relaxing)
 .debug_str     0x00000379       0x4f sdramc.o
                                 0xdc (size before relaxing)
 .debug_str     0x000003c8      0x180 dataflash.o
                                0x30a (size before relaxing)
 .debug_str     0x00000548       0x1b div0.o
                                 0x80 (size before relaxing)
 .debug_str     0x00000563       0x3d udiv.o
                                0x13d (size before relaxing)
 .debug_str     0x000005a0       0x3d string.o
                                 0xcc (size before relaxing)

.comment        0x00000000      0x302
 .comment       0x00000000       0x4d at91sam9260ek.o
 .comment       0x0000004d       0x4d main.o
 .comment       0x0000009a       0x4d gpio.o
 .comment       0x000000e7       0x4d pmc.o
 .comment       0x00000134       0x4d debug.o
 .comment       0x00000181       0x4d sdramc.o
 .comment       0x000001ce       0x4d dataflash.o
 .comment       0x0000021b       0x4d div0.o
 .comment       0x00000268       0x4d udiv.o
 .comment       0x000002b5       0x4d string.o

.note.GNU-stack
                0x00000000        0x0
 .note.GNU-stack
                0x00000000        0x0 at91sam9260ek.o
 .note.GNU-stack
                0x00000000        0x0 main.o
 .note.GNU-stack
                0x00000000        0x0 gpio.o
 .note.GNU-stack
                0x00000000        0x0 pmc.o
 .note.GNU-stack
                0x00000000        0x0 debug.o
 .note.GNU-stack
                0x00000000        0x0 sdramc.o
 .note.GNU-stack
                0x00000000        0x0 dataflash.o
 .note.GNU-stack
                0x00000000        0x0 div0.o
 .note.GNU-stack
                0x00000000        0x0 udiv.o
 .note.GNU-stack
                0x00000000        0x0 string.o

.debug_ranges   0x00000000      0x3d0
 .debug_ranges  0x00000000       0xc0 gpio.o
 .debug_ranges  0x000000c0       0xd8 pmc.o
 .debug_ranges  0x00000198       0x68 sdramc.o
 .debug_ranges  0x00000200      0x1d0 dataflash.o

Cross Reference Table

Symbol                                            File
__aeabi_uidiv                                     _udivsi3.o
                                                  _umodsi3.o
__aeabi_uidivmod                                  _umodsi3.o
__div0                                            div0.o
                                                  _umodsi3.o
                                                  _udivsi3.o
__udivsi3                                         _udivsi3.o
__umodsi3                                         _umodsi3.o
_ebss                                             crt0_gnu.o
_edata                                            crt0_gnu.o
_etext                                            crt0_gnu.o
_sbss                                             crt0_gnu.o
_sdata                                            crt0_gnu.o
bcopy                                             string.o
df_hw_init                                        at91sam9260ek.o
                                                  dataflash.o
df_recovery                                       at91sam9260ek.o
                                                  dataflash.o
df_send_command                                   dataflash.o
                                                  at91sam9260ek.o
hw_init                                           at91sam9260ek.o
                                                  main.o
load_df                                           dataflash.o
                                                  main.o
main                                              main.o
                                                  crt0_gnu.o
memcpy                                            string.o
memset                                            string.o
                                                  at91sam9260ek.o
pio_get_value                                     gpio.o
                                                  at91sam9260ek.o
pio_set_value                                     gpio.o
pio_setup                                         gpio.o
                                                  at91sam9260ek.o
pmc_cfg_mck                                       pmc.o
                                                  at91sam9260ek.o
pmc_cfg_pck                                       pmc.o
pmc_cfg_plla                                      pmc.o
                                                  at91sam9260ek.o
pmc_cfg_pllb                                      pmc.o
                                                  at91sam9260ek.o
reset                                             crt0_gnu.o
sdram_init                                        sdramc.o
                                                  at91sam9260ek.o
sdramc_hw_init                                    at91sam9260ek.o
                                                  sdramc.o
udiv                                              udiv.o
                                                  dataflash.o
